<?xml version="1.0"?>
<link_info>
   <banner>TI ARM Linker PC v16.9.6.LTS</banner>
   <copyright>Copyright (c) 1996-2017 Texas Instruments Incorporated</copyright>
   <link_time>0x5acfa1c2</link_time>
   <link_errors>0x0</link_errors>
   <output_file>Lab9.out</output_file>
   <entry_point>
      <name>_c_int00</name>
      <address>0x5b75</address>
   </entry_point>
   <input_file_list>
      <input_file id="fl-2">
         <path>.\</path>
         <kind>object</kind>
         <file>IR.obj</file>
         <name>IR.obj</name>
      </input_file>
      <input_file id="fl-3">
         <path>.\</path>
         <kind>object</kind>
         <file>Timer.obj</file>
         <name>Timer.obj</name>
      </input_file>
      <input_file id="fl-4">
         <path>.\</path>
         <kind>object</kind>
         <file>WiFi.obj</file>
         <name>WiFi.obj</name>
      </input_file>
      <input_file id="fl-5">
         <path>.\</path>
         <kind>object</kind>
         <file>button.obj</file>
         <name>button.obj</name>
      </input_file>
      <input_file id="fl-6">
         <path>.\</path>
         <kind>object</kind>
         <file>lcd.obj</file>
         <name>lcd.obj</name>
      </input_file>
      <input_file id="fl-7">
         <path>.\</path>
         <kind>object</kind>
         <file>main.obj</file>
         <name>main.obj</name>
      </input_file>
      <input_file id="fl-8">
         <path>.\</path>
         <kind>object</kind>
         <file>servo.obj</file>
         <name>servo.obj</name>
      </input_file>
      <input_file id="fl-9">
         <path>.\</path>
         <kind>object</kind>
         <file>sonar.obj</file>
         <name>sonar.obj</name>
      </input_file>
      <input_file id="fl-a">
         <path>.\</path>
         <kind>object</kind>
         <file>tm4c123gh6pm_startup_ccs.obj</file>
         <name>tm4c123gh6pm_startup_ccs.obj</name>
      </input_file>
      <input_file id="fl-b">
         <path>.\</path>
         <kind>object</kind>
         <file>uart.obj</file>
         <name>uart.obj</name>
      </input_file>
      <input_file id="fl-10">
         <kind>object</kind>
         <file>&lt;internal&gt;</file>
         <name>&lt;internal&gt;</name>
      </input_file>
      <input_file id="fl-c6">
         <path>C:\ti\ccsv7\tools\compiler\ti-cgt-arm_16.9.6.LTS\lib\</path>
         <kind>archive</kind>
         <file>rtsv7M4_T_le_v4SPD16_eabi.lib</file>
         <name>boot.obj</name>
      </input_file>
      <input_file id="fl-c7">
         <path>C:\ti\ccsv7\tools\compiler\ti-cgt-arm_16.9.6.LTS\lib\</path>
         <kind>archive</kind>
         <file>rtsv7M4_T_le_v4SPD16_eabi.lib</file>
         <name>copy_decompress_lzss.obj</name>
      </input_file>
      <input_file id="fl-c8">
         <path>C:\ti\ccsv7\tools\compiler\ti-cgt-arm_16.9.6.LTS\lib\</path>
         <kind>archive</kind>
         <file>rtsv7M4_T_le_v4SPD16_eabi.lib</file>
         <name>copy_decompress_none.obj</name>
      </input_file>
      <input_file id="fl-c9">
         <path>C:\ti\ccsv7\tools\compiler\ti-cgt-arm_16.9.6.LTS\lib\</path>
         <kind>archive</kind>
         <file>rtsv7M4_T_le_v4SPD16_eabi.lib</file>
         <name>copy_zero_init.obj</name>
      </input_file>
      <input_file id="fl-ca">
         <path>C:\ti\ccsv7\tools\compiler\ti-cgt-arm_16.9.6.LTS\lib\</path>
         <kind>archive</kind>
         <file>rtsv7M4_T_le_v4SPD16_eabi.lib</file>
         <name>e_pow.obj</name>
      </input_file>
      <input_file id="fl-cb">
         <path>C:\ti\ccsv7\tools\compiler\ti-cgt-arm_16.9.6.LTS\lib\</path>
         <kind>archive</kind>
         <file>rtsv7M4_T_le_v4SPD16_eabi.lib</file>
         <name>e_sqrt.obj</name>
      </input_file>
      <input_file id="fl-cc">
         <path>C:\ti\ccsv7\tools\compiler\ti-cgt-arm_16.9.6.LTS\lib\</path>
         <kind>archive</kind>
         <file>rtsv7M4_T_le_v4SPD16_eabi.lib</file>
         <name>errno.obj</name>
      </input_file>
      <input_file id="fl-cd">
         <path>C:\ti\ccsv7\tools\compiler\ti-cgt-arm_16.9.6.LTS\lib\</path>
         <kind>archive</kind>
         <file>rtsv7M4_T_le_v4SPD16_eabi.lib</file>
         <name>exit.obj</name>
      </input_file>
      <input_file id="fl-ce">
         <path>C:\ti\ccsv7\tools\compiler\ti-cgt-arm_16.9.6.LTS\lib\</path>
         <kind>archive</kind>
         <file>rtsv7M4_T_le_v4SPD16_eabi.lib</file>
         <name>fd_add_t2.obj</name>
      </input_file>
      <input_file id="fl-cf">
         <path>C:\ti\ccsv7\tools\compiler\ti-cgt-arm_16.9.6.LTS\lib\</path>
         <kind>archive</kind>
         <file>rtsv7M4_T_le_v4SPD16_eabi.lib</file>
         <name>fd_cmp_t2.obj</name>
      </input_file>
      <input_file id="fl-d0">
         <path>C:\ti\ccsv7\tools\compiler\ti-cgt-arm_16.9.6.LTS\lib\</path>
         <kind>archive</kind>
         <file>rtsv7M4_T_le_v4SPD16_eabi.lib</file>
         <name>fd_div_t2.obj</name>
      </input_file>
      <input_file id="fl-d1">
         <path>C:\ti\ccsv7\tools\compiler\ti-cgt-arm_16.9.6.LTS\lib\</path>
         <kind>archive</kind>
         <file>rtsv7M4_T_le_v4SPD16_eabi.lib</file>
         <name>fd_mul_t2.obj</name>
      </input_file>
      <input_file id="fl-d2">
         <path>C:\ti\ccsv7\tools\compiler\ti-cgt-arm_16.9.6.LTS\lib\</path>
         <kind>archive</kind>
         <file>rtsv7M4_T_le_v4SPD16_eabi.lib</file>
         <name>fd_toi_t2.obj</name>
      </input_file>
      <input_file id="fl-d3">
         <path>C:\ti\ccsv7\tools\compiler\ti-cgt-arm_16.9.6.LTS\lib\</path>
         <kind>archive</kind>
         <file>rtsv7M4_T_le_v4SPD16_eabi.lib</file>
         <name>i_tofd_t2.obj</name>
      </input_file>
      <input_file id="fl-d4">
         <path>C:\ti\ccsv7\tools\compiler\ti-cgt-arm_16.9.6.LTS\lib\</path>
         <kind>archive</kind>
         <file>rtsv7M4_T_le_v4SPD16_eabi.lib</file>
         <name>memcpy_t2.obj</name>
      </input_file>
      <input_file id="fl-d5">
         <path>C:\ti\ccsv7\tools\compiler\ti-cgt-arm_16.9.6.LTS\lib\</path>
         <kind>archive</kind>
         <file>rtsv7M4_T_le_v4SPD16_eabi.lib</file>
         <name>memset_t2.obj</name>
      </input_file>
      <input_file id="fl-d6">
         <path>C:\ti\ccsv7\tools\compiler\ti-cgt-arm_16.9.6.LTS\lib\</path>
         <kind>archive</kind>
         <file>rtsv7M4_T_le_v4SPD16_eabi.lib</file>
         <name>mpu_init.obj</name>
      </input_file>
      <input_file id="fl-d7">
         <path>C:\ti\ccsv7\tools\compiler\ti-cgt-arm_16.9.6.LTS\lib\</path>
         <kind>archive</kind>
         <file>rtsv7M4_T_le_v4SPD16_eabi.lib</file>
         <name>pre_init.obj</name>
      </input_file>
      <input_file id="fl-d8">
         <path>C:\ti\ccsv7\tools\compiler\ti-cgt-arm_16.9.6.LTS\lib\</path>
         <kind>archive</kind>
         <file>rtsv7M4_T_le_v4SPD16_eabi.lib</file>
         <name>s_cos.obj</name>
      </input_file>
      <input_file id="fl-d9">
         <path>C:\ti\ccsv7\tools\compiler\ti-cgt-arm_16.9.6.LTS\lib\</path>
         <kind>archive</kind>
         <file>rtsv7M4_T_le_v4SPD16_eabi.lib</file>
         <name>s_scalbn.obj</name>
      </input_file>
      <input_file id="fl-da">
         <path>C:\ti\ccsv7\tools\compiler\ti-cgt-arm_16.9.6.LTS\lib\</path>
         <kind>archive</kind>
         <file>rtsv7M4_T_le_v4SPD16_eabi.lib</file>
         <name>s_sin.obj</name>
      </input_file>
      <input_file id="fl-db">
         <path>C:\ti\ccsv7\tools\compiler\ti-cgt-arm_16.9.6.LTS\lib\</path>
         <kind>archive</kind>
         <file>rtsv7M4_T_le_v4SPD16_eabi.lib</file>
         <name>sprintf.obj</name>
      </input_file>
      <input_file id="fl-dc">
         <path>C:\ti\ccsv7\tools\compiler\ti-cgt-arm_16.9.6.LTS\lib\</path>
         <kind>archive</kind>
         <file>rtsv7M4_T_le_v4SPD16_eabi.lib</file>
         <name>stkdepth_vars.obj</name>
      </input_file>
      <input_file id="fl-dd">
         <path>C:\ti\ccsv7\tools\compiler\ti-cgt-arm_16.9.6.LTS\lib\</path>
         <kind>archive</kind>
         <file>rtsv7M4_T_le_v4SPD16_eabi.lib</file>
         <name>strcmp.obj</name>
      </input_file>
      <input_file id="fl-de">
         <path>C:\ti\ccsv7\tools\compiler\ti-cgt-arm_16.9.6.LTS\lib\</path>
         <kind>archive</kind>
         <file>rtsv7M4_T_le_v4SPD16_eabi.lib</file>
         <name>strcpy.obj</name>
      </input_file>
      <input_file id="fl-df">
         <path>C:\ti\ccsv7\tools\compiler\ti-cgt-arm_16.9.6.LTS\lib\</path>
         <kind>archive</kind>
         <file>rtsv7M4_T_le_v4SPD16_eabi.lib</file>
         <name>strlen.obj</name>
      </input_file>
      <input_file id="fl-e0">
         <path>C:\ti\ccsv7\tools\compiler\ti-cgt-arm_16.9.6.LTS\lib\</path>
         <kind>archive</kind>
         <file>rtsv7M4_T_le_v4SPD16_eabi.lib</file>
         <name>u_tofd_t2.obj</name>
      </input_file>
      <input_file id="fl-e1">
         <path>C:\ti\ccsv7\tools\compiler\ti-cgt-arm_16.9.6.LTS\lib\</path>
         <kind>archive</kind>
         <file>rtsv7M4_T_le_v4SPD16_eabi.lib</file>
         <name>vla_alloc.obj</name>
      </input_file>
      <input_file id="fl-e2">
         <path>C:\ti\ccsv7\tools\compiler\ti-cgt-arm_16.9.6.LTS\lib\</path>
         <kind>archive</kind>
         <file>rtsv7M4_T_le_v4SPD16_eabi.lib</file>
         <name>vsnprintf.obj</name>
      </input_file>
      <input_file id="fl-e3">
         <path>C:\ti\ccsv7\tools\compiler\ti-cgt-arm_16.9.6.LTS\lib\</path>
         <kind>archive</kind>
         <file>rtsv7M4_T_le_v4SPD16_eabi.lib</file>
         <name>_lock.obj</name>
      </input_file>
      <input_file id="fl-e4">
         <path>C:\ti\ccsv7\tools\compiler\ti-cgt-arm_16.9.6.LTS\lib\</path>
         <kind>archive</kind>
         <file>rtsv7M4_T_le_v4SPD16_eabi.lib</file>
         <name>_printfi.obj</name>
      </input_file>
      <input_file id="fl-e5">
         <path>C:\ti\ccsv7\tools\compiler\ti-cgt-arm_16.9.6.LTS\lib\</path>
         <kind>archive</kind>
         <file>rtsv7M4_T_le_v4SPD16_eabi.lib</file>
         <name>args_main.obj</name>
      </input_file>
      <input_file id="fl-e6">
         <path>C:\ti\ccsv7\tools\compiler\ti-cgt-arm_16.9.6.LTS\lib\</path>
         <kind>archive</kind>
         <file>rtsv7M4_T_le_v4SPD16_eabi.lib</file>
         <name>atoi.obj</name>
      </input_file>
      <input_file id="fl-e7">
         <path>C:\ti\ccsv7\tools\compiler\ti-cgt-arm_16.9.6.LTS\lib\</path>
         <kind>archive</kind>
         <file>rtsv7M4_T_le_v4SPD16_eabi.lib</file>
         <name>autoinit.obj</name>
      </input_file>
      <input_file id="fl-e8">
         <path>C:\ti\ccsv7\tools\compiler\ti-cgt-arm_16.9.6.LTS\lib\</path>
         <kind>archive</kind>
         <file>rtsv7M4_T_le_v4SPD16_eabi.lib</file>
         <name>cpy_tbl.obj</name>
      </input_file>
      <input_file id="fl-e9">
         <path>C:\ti\ccsv7\tools\compiler\ti-cgt-arm_16.9.6.LTS\lib\</path>
         <kind>archive</kind>
         <file>rtsv7M4_T_le_v4SPD16_eabi.lib</file>
         <name>ctype.obj</name>
      </input_file>
      <input_file id="fl-ea">
         <path>C:\ti\ccsv7\tools\compiler\ti-cgt-arm_16.9.6.LTS\lib\</path>
         <kind>archive</kind>
         <file>rtsv7M4_T_le_v4SPD16_eabi.lib</file>
         <name>error.obj</name>
      </input_file>
      <input_file id="fl-eb">
         <path>C:\ti\ccsv7\tools\compiler\ti-cgt-arm_16.9.6.LTS\lib\</path>
         <kind>archive</kind>
         <file>rtsv7M4_T_le_v4SPD16_eabi.lib</file>
         <name>k_cos.obj</name>
      </input_file>
      <input_file id="fl-ec">
         <path>C:\ti\ccsv7\tools\compiler\ti-cgt-arm_16.9.6.LTS\lib\</path>
         <kind>archive</kind>
         <file>rtsv7M4_T_le_v4SPD16_eabi.lib</file>
         <name>k_rem_pio2.obj</name>
      </input_file>
      <input_file id="fl-ed">
         <path>C:\ti\ccsv7\tools\compiler\ti-cgt-arm_16.9.6.LTS\lib\</path>
         <kind>archive</kind>
         <file>rtsv7M4_T_le_v4SPD16_eabi.lib</file>
         <name>k_sin.obj</name>
      </input_file>
      <input_file id="fl-ee">
         <path>C:\ti\ccsv7\tools\compiler\ti-cgt-arm_16.9.6.LTS\lib\</path>
         <kind>archive</kind>
         <file>rtsv7M4_T_le_v4SPD16_eabi.lib</file>
         <name>ltoa.obj</name>
      </input_file>
      <input_file id="fl-ef">
         <path>C:\ti\ccsv7\tools\compiler\ti-cgt-arm_16.9.6.LTS\lib\</path>
         <kind>archive</kind>
         <file>rtsv7M4_T_le_v4SPD16_eabi.lib</file>
         <name>memccpy.obj</name>
      </input_file>
      <input_file id="fl-f0">
         <path>C:\ti\ccsv7\tools\compiler\ti-cgt-arm_16.9.6.LTS\lib\</path>
         <kind>archive</kind>
         <file>rtsv7M4_T_le_v4SPD16_eabi.lib</file>
         <name>memory.obj</name>
      </input_file>
      <input_file id="fl-f1">
         <path>C:\ti\ccsv7\tools\compiler\ti-cgt-arm_16.9.6.LTS\lib\</path>
         <kind>archive</kind>
         <file>rtsv7M4_T_le_v4SPD16_eabi.lib</file>
         <name>s_copysign.obj</name>
      </input_file>
      <input_file id="fl-f2">
         <path>C:\ti\ccsv7\tools\compiler\ti-cgt-arm_16.9.6.LTS\lib\</path>
         <kind>archive</kind>
         <file>rtsv7M4_T_le_v4SPD16_eabi.lib</file>
         <name>s_floor.obj</name>
      </input_file>
      <input_file id="fl-f3">
         <path>C:\ti\ccsv7\tools\compiler\ti-cgt-arm_16.9.6.LTS\lib\</path>
         <kind>archive</kind>
         <file>rtsv7M4_T_le_v4SPD16_eabi.lib</file>
         <name>s_frexp.obj</name>
      </input_file>
      <input_file id="fl-f4">
         <path>C:\ti\ccsv7\tools\compiler\ti-cgt-arm_16.9.6.LTS\lib\</path>
         <kind>archive</kind>
         <file>rtsv7M4_T_le_v4SPD16_eabi.lib</file>
         <name>startup.obj</name>
      </input_file>
      <input_file id="fl-f5">
         <path>C:\ti\ccsv7\tools\compiler\ti-cgt-arm_16.9.6.LTS\lib\</path>
         <kind>archive</kind>
         <file>rtsv7M4_T_le_v4SPD16_eabi.lib</file>
         <name>strchr.obj</name>
      </input_file>
      <input_file id="fl-f6">
         <path>C:\ti\ccsv7\tools\compiler\ti-cgt-arm_16.9.6.LTS\lib\</path>
         <kind>archive</kind>
         <file>rtsv7M4_T_le_v4SPD16_eabi.lib</file>
         <name>ull_div_t2.obj</name>
      </input_file>
      <input_file id="fl-f7">
         <path>C:\ti\TivaWare_C_Series-2.1.2.111\driverlib\ccs\Debug\</path>
         <kind>archive</kind>
         <file>driverlib.lib</file>
         <name>interrupt.obj</name>
      </input_file>
      <input_file id="fl-f8">
         <path>C:\ti\TivaWare_C_Series-2.1.2.111\driverlib\ccs\Debug\</path>
         <kind>archive</kind>
         <file>driverlib.lib</file>
         <name>cpu.obj</name>
      </input_file>
   </input_file_list>
   <object_component_list>
      <object_component id="oc-f">
         <name>.intvecs</name>
         <load_address>0x0</load_address>
         <run_address>0x0</run_address>
         <size>0x26c</size>
         <input_file_ref idref="fl-a"/>
      </object_component>
      <object_component id="oc-1dc">
         <name>.text</name>
         <load_address>0x26c</load_address>
         <run_address>0x26c</run_address>
         <size>0x113e</size>
         <input_file_ref idref="fl-e4"/>
      </object_component>
      <object_component id="oc-5a">
         <name>.text</name>
         <load_address>0x13aa</load_address>
         <run_address>0x13aa</run_address>
         <size>0x2</size>
         <input_file_ref idref="fl-d6"/>
      </object_component>
      <object_component id="oc-1ab">
         <name>.text</name>
         <load_address>0x13ac</load_address>
         <run_address>0x13ac</run_address>
         <size>0x9ac</size>
         <input_file_ref idref="fl-ca"/>
      </object_component>
      <object_component id="oc-1eb">
         <name>.text</name>
         <load_address>0x1d58</load_address>
         <run_address>0x1d58</run_address>
         <size>0x738</size>
         <input_file_ref idref="fl-ec"/>
      </object_component>
      <object_component id="oc-13d">
         <name>.text</name>
         <load_address>0x2490</load_address>
         <run_address>0x2490</run_address>
         <size>0x5dc</size>
         <input_file_ref idref="fl-d8"/>
      </object_component>
      <object_component id="oc-137">
         <name>.text</name>
         <load_address>0x2a6c</load_address>
         <run_address>0x2a6c</run_address>
         <size>0x5c4</size>
         <input_file_ref idref="fl-da"/>
      </object_component>
      <object_component id="oc-ae">
         <name>.text</name>
         <load_address>0x3030</load_address>
         <run_address>0x3030</run_address>
         <size>0x5ac</size>
         <input_file_ref idref="fl-7"/>
      </object_component>
      <object_component id="oc-ea">
         <name>.text</name>
         <load_address>0x35dc</load_address>
         <run_address>0x35dc</run_address>
         <size>0x4fc</size>
         <input_file_ref idref="fl-8"/>
      </object_component>
      <object_component id="oc-1b6">
         <name>.text</name>
         <load_address>0x3ad8</load_address>
         <run_address>0x3ad8</run_address>
         <size>0x3d0</size>
         <input_file_ref idref="fl-f0"/>
      </object_component>
      <object_component id="oc-de">
         <name>.text</name>
         <load_address>0x3ea8</load_address>
         <run_address>0x3ea8</run_address>
         <size>0x2ec</size>
         <input_file_ref idref="fl-6"/>
      </object_component>
      <object_component id="oc-f0">
         <name>.text</name>
         <load_address>0x4194</load_address>
         <run_address>0x4194</run_address>
         <size>0x24c</size>
         <input_file_ref idref="fl-9"/>
      </object_component>
      <object_component id="oc-10c">
         <name>.text</name>
         <load_address>0x43e0</load_address>
         <run_address>0x43e0</run_address>
         <size>0x244</size>
         <input_file_ref idref="fl-e1"/>
      </object_component>
      <object_component id="oc-25e">
         <name>.text</name>
         <load_address>0x4624</load_address>
         <run_address>0x4624</run_address>
         <size>0x1f4</size>
         <input_file_ref idref="fl-f6"/>
      </object_component>
      <object_component id="oc-112">
         <name>.text</name>
         <load_address>0x4818</load_address>
         <run_address>0x4818</run_address>
         <size>0x1b6</size>
         <input_file_ref idref="fl-ce"/>
      </object_component>
      <object_component id="oc-a6">
         <name>.text</name>
         <load_address>0x49ce</load_address>
         <run_address>0x49ce</run_address>
         <size>0x2</size>
         <input_file_ref idref="fl-f4"/>
      </object_component>
      <object_component id="oc-1e5">
         <name>.text</name>
         <load_address>0x49d0</load_address>
         <run_address>0x49d0</run_address>
         <size>0x174</size>
         <input_file_ref idref="fl-ed"/>
      </object_component>
      <object_component id="oc-22f">
         <name>.text</name>
         <load_address>0x4b44</load_address>
         <run_address>0x4b44</run_address>
         <size>0x170</size>
         <input_file_ref idref="fl-cb"/>
      </object_component>
      <object_component id="oc-f6">
         <name>.text</name>
         <load_address>0x4cb4</load_address>
         <run_address>0x4cb4</run_address>
         <size>0x16c</size>
         <input_file_ref idref="fl-2"/>
      </object_component>
      <object_component id="oc-1f1">
         <name>.text</name>
         <load_address>0x4e20</load_address>
         <run_address>0x4e20</run_address>
         <size>0x16c</size>
         <input_file_ref idref="fl-eb"/>
      </object_component>
      <object_component id="oc-126">
         <name>.text</name>
         <load_address>0x4f8c</load_address>
         <run_address>0x4f8c</run_address>
         <size>0x158</size>
         <input_file_ref idref="fl-3"/>
      </object_component>
      <object_component id="oc-102">
         <name>.text</name>
         <load_address>0x50e4</load_address>
         <run_address>0x50e4</run_address>
         <size>0x136</size>
         <input_file_ref idref="fl-d0"/>
      </object_component>
      <object_component id="oc-fc">
         <name>.text</name>
         <load_address>0x521c</load_address>
         <run_address>0x521c</run_address>
         <size>0x128</size>
         <input_file_ref idref="fl-b"/>
      </object_component>
      <object_component id="oc-132">
         <name>.text</name>
         <load_address>0x5344</load_address>
         <run_address>0x5344</run_address>
         <size>0xfc</size>
         <input_file_ref idref="fl-d1"/>
      </object_component>
      <object_component id="oc-23b">
         <name>.text</name>
         <load_address>0x5440</load_address>
         <run_address>0x5440</run_address>
         <size>0xfc</size>
         <input_file_ref idref="fl-d9"/>
      </object_component>
      <object_component id="oc-e4">
         <name>.text</name>
         <load_address>0x553c</load_address>
         <run_address>0x553c</run_address>
         <size>0xf8</size>
         <input_file_ref idref="fl-5"/>
      </object_component>
      <object_component id="oc-297">
         <name>.text</name>
         <load_address>0x5634</load_address>
         <run_address>0x5634</run_address>
         <size>0xf8</size>
         <input_file_ref idref="fl-f2"/>
      </object_component>
      <object_component id="oc-42">
         <name>.text</name>
         <load_address>0x572c</load_address>
         <run_address>0x572c</run_address>
         <size>0x9c</size>
         <input_file_ref idref="fl-d4"/>
      </object_component>
      <object_component id="oc-172">
         <name>.text</name>
         <load_address>0x57c8</load_address>
         <run_address>0x57c8</run_address>
         <size>0x88</size>
         <input_file_ref idref="fl-e2"/>
      </object_component>
      <object_component id="oc-117">
         <name>.text:__aeabi_cdcmple</name>
         <load_address>0x5850</load_address>
         <run_address>0x5850</run_address>
         <size>0x86</size>
         <input_file_ref idref="fl-cf"/>
      </object_component>
      <object_component id="oc-11c">
         <name>.text:__aeabi_cdrcmple</name>
         <load_address>0x58d6</load_address>
         <run_address>0x58d6</run_address>
         <size>0x86</size>
         <input_file_ref idref="fl-cf"/>
      </object_component>
      <object_component id="oc-4e">
         <name>.text</name>
         <load_address>0x595c</load_address>
         <run_address>0x595c</run_address>
         <size>0x7a</size>
         <input_file_ref idref="fl-d5"/>
      </object_component>
      <object_component id="oc-66">
         <name>.text</name>
         <load_address>0x59d8</load_address>
         <run_address>0x59d8</run_address>
         <size>0x70</size>
         <input_file_ref idref="fl-e7"/>
      </object_component>
      <object_component id="oc-12">
         <name>.text:decompress:lzss</name>
         <load_address>0x5a48</load_address>
         <run_address>0x5a48</run_address>
         <size>0x68</size>
         <input_file_ref idref="fl-c7"/>
      </object_component>
      <object_component id="oc-26f">
         <name>.text</name>
         <load_address>0x5ab0</load_address>
         <run_address>0x5ab0</run_address>
         <size>0x64</size>
         <input_file_ref idref="fl-f3"/>
      </object_component>
      <object_component id="oc-12c">
         <name>.text</name>
         <load_address>0x5b14</load_address>
         <run_address>0x5b14</run_address>
         <size>0x60</size>
         <input_file_ref idref="fl-db"/>
      </object_component>
      <object_component id="oc-24">
         <name>.text</name>
         <load_address>0x5b74</load_address>
         <run_address>0x5b74</run_address>
         <size>0x54</size>
         <input_file_ref idref="fl-c6"/>
      </object_component>
      <object_component id="oc-72">
         <name>.text</name>
         <load_address>0x5bc8</load_address>
         <run_address>0x5bc8</run_address>
         <size>0x54</size>
         <input_file_ref idref="fl-cd"/>
      </object_component>
      <object_component id="oc-269">
         <name>.text</name>
         <load_address>0x5c1c</load_address>
         <run_address>0x5c1c</run_address>
         <size>0x54</size>
         <input_file_ref idref="fl-ee"/>
      </object_component>
      <object_component id="oc-27b">
         <name>.text</name>
         <load_address>0x5c70</load_address>
         <run_address>0x5c70</run_address>
         <size>0x4c</size>
         <input_file_ref idref="fl-e6"/>
      </object_component>
      <object_component id="oc-a0">
         <name>.text</name>
         <load_address>0x5cbc</load_address>
         <run_address>0x5cbc</run_address>
         <size>0x4c</size>
         <input_file_ref idref="fl-e8"/>
      </object_component>
      <object_component id="oc-107">
         <name>.text</name>
         <load_address>0x5d08</load_address>
         <run_address>0x5d08</run_address>
         <size>0x48</size>
         <input_file_ref idref="fl-d2"/>
      </object_component>
      <object_component id="oc-19c">
         <name>.text:IntRegister</name>
         <load_address>0x5d50</load_address>
         <run_address>0x5d50</run_address>
         <size>0x34</size>
         <input_file_ref idref="fl-f7"/>
      </object_component>
      <object_component id="oc-121">
         <name>.text</name>
         <load_address>0x5d84</load_address>
         <run_address>0x5d84</run_address>
         <size>0x2e</size>
         <input_file_ref idref="fl-d3"/>
      </object_component>
      <object_component id="oc-1a2">
         <name>.text</name>
         <load_address>0x5db2</load_address>
         <run_address>0x5db2</run_address>
         <size>0x20</size>
         <input_file_ref idref="fl-e0"/>
      </object_component>
      <object_component id="oc-281">
         <name>.text</name>
         <load_address>0x5dd2</load_address>
         <run_address>0x5dd2</run_address>
         <size>0x1c</size>
         <input_file_ref idref="fl-ef"/>
      </object_component>
      <object_component id="oc-6c">
         <name>.text</name>
         <load_address>0x5df0</load_address>
         <run_address>0x5df0</run_address>
         <size>0x18</size>
         <input_file_ref idref="fl-e5"/>
      </object_component>
      <object_component id="oc-178">
         <name>.text</name>
         <load_address>0x5e08</load_address>
         <run_address>0x5e08</run_address>
         <size>0x18</size>
         <input_file_ref idref="fl-dd"/>
      </object_component>
      <object_component id="oc-275">
         <name>.text</name>
         <load_address>0x5e20</load_address>
         <run_address>0x5e20</run_address>
         <size>0x16</size>
         <input_file_ref idref="fl-f5"/>
      </object_component>
      <object_component id="oc-153">
         <name>.text</name>
         <load_address>0x5e38</load_address>
         <run_address>0x5e38</run_address>
         <size>0x14</size>
         <input_file_ref idref="fl-e3"/>
      </object_component>
      <object_component id="oc-2c7">
         <name>.text</name>
         <load_address>0x5e4c</load_address>
         <run_address>0x5e4c</run_address>
         <size>0x14</size>
         <input_file_ref idref="fl-f1"/>
      </object_component>
      <object_component id="oc-17e">
         <name>.text</name>
         <load_address>0x5e60</load_address>
         <run_address>0x5e60</run_address>
         <size>0x14</size>
         <input_file_ref idref="fl-de"/>
      </object_component>
      <object_component id="oc-263">
         <name>.text</name>
         <load_address>0x5e74</load_address>
         <run_address>0x5e74</run_address>
         <size>0x14</size>
         <input_file_ref idref="fl-df"/>
      </object_component>
      <object_component id="oc-16b">
         <name>.text:lcd_clear</name>
         <load_address>0x5e88</load_address>
         <run_address>0x5e88</run_address>
         <size>0x10</size>
         <input_file_ref idref="fl-6"/>
      </object_component>
      <object_component id="oc-18">
         <name>.text:decompress:none</name>
         <load_address>0x5e98</load_address>
         <run_address>0x5e98</run_address>
         <size>0xe</size>
         <input_file_ref idref="fl-c8"/>
      </object_component>
      <object_component id="oc-1e">
         <name>.text:decompress:ZI</name>
         <load_address>0x5ea6</load_address>
         <run_address>0x5ea6</run_address>
         <size>0xc</size>
         <input_file_ref idref="fl-c9"/>
      </object_component>
      <object_component id="oc-2e">
         <name>.text</name>
         <load_address>0x5eb2</load_address>
         <run_address>0x5eb2</run_address>
         <size>0xc</size>
         <input_file_ref idref="fl-a"/>
      </object_component>
      <object_component id="oc-1bc">
         <name>.text</name>
         <load_address>0x5ebe</load_address>
         <run_address>0x5ebe</run_address>
         <size>0x4</size>
         <input_file_ref idref="fl-ea"/>
      </object_component>
      <object_component id="oc-60">
         <name>.text</name>
         <load_address>0x5ec2</load_address>
         <run_address>0x5ec2</run_address>
         <size>0x4</size>
         <input_file_ref idref="fl-d7"/>
      </object_component>
      <object_component id="oc-29d">
         <name>.const:$O1$$</name>
         <load_address>0x5ec8</load_address>
         <run_address>0x5ec8</run_address>
         <size>0x158</size>
         <input_file_ref idref="fl-ec"/>
      </object_component>
      <object_component id="oc-2dc">
         <name>.const:.string:_ctypes_</name>
         <load_address>0x6020</load_address>
         <run_address>0x6020</run_address>
         <size>0x101</size>
         <input_file_ref idref="fl-e9"/>
      </object_component>
      <object_component id="oc-184">
         <name>.const:.string:lineAddress$1</name>
         <load_address>0x6121</load_address>
         <run_address>0x6121</run_address>
         <size>0x4</size>
         <input_file_ref idref="fl-6"/>
      </object_component>
      <object_component id="oc-238">
         <name>.const:$O1$$</name>
         <load_address>0x6128</load_address>
         <run_address>0x6128</run_address>
         <size>0x30</size>
         <input_file_ref idref="fl-ca"/>
      </object_component>
      <object_component id="oc-185">
         <name>.const:.string:lineAddresses$2</name>
         <load_address>0x6158</load_address>
         <run_address>0x6158</run_address>
         <size>0x4</size>
         <input_file_ref idref="fl-6"/>
      </object_component>
      <object_component id="oc-32e">
         <name>.cinit..data.load</name>
         <load_address>0x6160</load_address>
         <run_address>0x6160</run_address>
         <size>0x1d</size>
      </object_component>
      <object_component id="oc-32b">
         <name>__TI_handler_table</name>
         <load_address>0x6180</load_address>
         <run_address>0x6180</run_address>
         <size>0xc</size>
      </object_component>
      <object_component id="oc-32f">
         <name>.cinit..bss.load</name>
         <load_address>0x6190</load_address>
         <run_address>0x6190</run_address>
         <size>0x8</size>
      </object_component>
      <object_component id="oc-32d">
         <name>.cinit..vtable.load</name>
         <load_address>0x6198</load_address>
         <run_address>0x6198</run_address>
         <size>0x8</size>
      </object_component>
      <object_component id="oc-32c">
         <name>__TI_cinit_table</name>
         <load_address>0x61a0</load_address>
         <run_address>0x61a0</run_address>
         <size>0x18</size>
      </object_component>
      <object_component id="oc-226">
         <name>.vtable</name>
         <uninitialized>true</uninitialized>
         <run_address>0x20000000</run_address>
         <size>0x26c</size>
         <input_file_ref idref="fl-f7"/>
      </object_component>
      <object_component id="oc-18e">
         <name>.data</name>
         <load_address>0x200043a8</load_address>
         <run_address>0x200043a8</run_address>
         <size>0x1</size>
         <input_file_ref idref="fl-5"/>
      </object_component>
      <object_component id="oc-1a7">
         <name>.data</name>
         <load_address>0x2000438c</load_address>
         <run_address>0x2000438c</run_address>
         <size>0xc</size>
         <input_file_ref idref="fl-9"/>
      </object_component>
      <object_component id="oc-235">
         <name>.data</name>
         <load_address>0x200043a0</load_address>
         <run_address>0x200043a0</run_address>
         <size>0x4</size>
         <input_file_ref idref="fl-cc"/>
      </object_component>
      <object_component id="oc-b6">
         <name>.data:$O1$$</name>
         <load_address>0x20004374</load_address>
         <run_address>0x20004374</run_address>
         <size>0xc</size>
         <input_file_ref idref="fl-cd"/>
      </object_component>
      <object_component id="oc-78">
         <name>.data</name>
         <load_address>0x200043a4</load_address>
         <run_address>0x200043a4</run_address>
         <size>0x4</size>
         <input_file_ref idref="fl-dc"/>
      </object_component>
      <object_component id="oc-b9">
         <name>.data:$O1$$</name>
         <load_address>0x20004398</load_address>
         <run_address>0x20004398</run_address>
         <size>0x8</size>
         <input_file_ref idref="fl-e3"/>
      </object_component>
      <object_component id="oc-246">
         <name>.data:$O1$$</name>
         <load_address>0x20004380</load_address>
         <run_address>0x20004380</run_address>
         <size>0xc</size>
         <input_file_ref idref="fl-f0"/>
      </object_component>
      <object_component id="oc-186">
         <name>.bss:lastbuffer$3</name>
         <uninitialized>true</uninitialized>
         <run_address>0x200042d0</run_address>
         <size>0x54</size>
         <input_file_ref idref="fl-6"/>
      </object_component>
      <object_component id="oc-1c2">
         <name>.bss:$O1$$</name>
         <uninitialized>true</uninitialized>
         <run_address>0x20004324</run_address>
         <size>0x1c</size>
         <input_file_ref idref="fl-e1"/>
      </object_component>
      <object_component id="oc-18f">
         <name>.common:_prevButton</name>
         <uninitialized>true</uninitialized>
         <run_address>0x20004370</run_address>
         <size>0x1</size>
      </object_component>
      <object_component id="oc-196">
         <name>.common:data</name>
         <uninitialized>true</uninitialized>
         <run_address>0x20004340</run_address>
         <size>0x18</size>
      </object_component>
      <object_component id="oc-19a">
         <name>.common:servo_curr_time</name>
         <uninitialized>true</uninitialized>
         <run_address>0x20004360</run_address>
         <size>0x8</size>
      </object_component>
      <object_component id="oc-197">
         <name>.common:servo_curr_angle</name>
         <uninitialized>true</uninitialized>
         <run_address>0x20004358</run_address>
         <size>0x8</size>
      </object_component>
      <object_component id="oc-199">
         <name>.common:counter</name>
         <uninitialized>true</uninitialized>
         <run_address>0x20004368</run_address>
         <size>0x4</size>
      </object_component>
      <object_component id="oc-198">
         <name>.common:direction</name>
         <uninitialized>true</uninitialized>
         <run_address>0x2000436c</run_address>
         <size>0x4</size>
      </object_component>
      <object_component id="oc-193">
         <name>.common:offset</name>
         <uninitialized>true</uninitialized>
         <run_address>0x20004270</run_address>
         <size>0x60</size>
      </object_component>
      <object_component id="oc-2b">
         <name>.sysmem</name>
         <uninitialized>true</uninitialized>
         <run_address>0x20002270</run_address>
         <size>0x8</size>
         <input_file_ref idref="fl-f0"/>
      </object_component>
      <object_component id="oc-331">
         <name>.sysmem</name>
         <uninitialized>true</uninitialized>
         <run_address>0x20002270</run_address>
         <size>0x0</size>
      </object_component>
      <object_component id="oc-2a">
         <name>.stack</name>
         <uninitialized>true</uninitialized>
         <run_address>0x2000026c</run_address>
         <size>0x0</size>
         <input_file_ref idref="fl-c6"/>
      </object_component>
      <object_component id="oc-330">
         <name>.stack</name>
         <uninitialized>true</uninitialized>
         <run_address>0x2000026c</run_address>
         <size>0x0</size>
      </object_component>
      <object_component id="oc-21c">
         <name>.debug_info</name>
         <load_address>0x0</load_address>
         <run_address>0x0</run_address>
         <size>0x2d8</size>
         <input_file_ref idref="fl-2"/>
      </object_component>
      <object_component id="oc-f7">
         <name>.debug_info</name>
         <load_address>0x2d8</load_address>
         <run_address>0x2d8</run_address>
         <size>0x219</size>
         <input_file_ref idref="fl-2"/>
      </object_component>
      <object_component id="oc-202">
         <name>.debug_info</name>
         <load_address>0x4f1</load_address>
         <run_address>0x4f1</run_address>
         <size>0xc8</size>
         <input_file_ref idref="fl-2"/>
      </object_component>
      <object_component id="oc-3d">
         <name>.debug_info</name>
         <load_address>0x5b9</load_address>
         <run_address>0x5b9</run_address>
         <size>0x84</size>
         <input_file_ref idref="fl-2"/>
      </object_component>
      <object_component id="oc-83">
         <name>.debug_info</name>
         <load_address>0x63d</load_address>
         <run_address>0x63d</run_address>
         <size>0x18b</size>
         <input_file_ref idref="fl-2"/>
      </object_component>
      <object_component id="oc-189">
         <name>.debug_info</name>
         <load_address>0x7c8</load_address>
         <run_address>0x7c8</run_address>
         <size>0x4e</size>
         <input_file_ref idref="fl-2"/>
      </object_component>
      <object_component id="oc-127">
         <name>.debug_info</name>
         <load_address>0x816</load_address>
         <run_address>0x816</run_address>
         <size>0x3d8</size>
         <input_file_ref idref="fl-3"/>
      </object_component>
      <object_component id="oc-1d7">
         <name>.debug_info</name>
         <load_address>0xbee</load_address>
         <run_address>0xbee</run_address>
         <size>0x2c</size>
         <input_file_ref idref="fl-3"/>
      </object_component>
      <object_component id="oc-97">
         <name>.debug_info</name>
         <load_address>0xc1a</load_address>
         <run_address>0xc1a</run_address>
         <size>0x2c</size>
         <input_file_ref idref="fl-4"/>
      </object_component>
      <object_component id="oc-190">
         <name>.debug_info</name>
         <load_address>0xc46</load_address>
         <run_address>0xc46</run_address>
         <size>0x254</size>
         <input_file_ref idref="fl-5"/>
      </object_component>
      <object_component id="oc-e5">
         <name>.debug_info</name>
         <load_address>0xe9a</load_address>
         <run_address>0xe9a</run_address>
         <size>0x3f5</size>
         <input_file_ref idref="fl-5"/>
      </object_component>
      <object_component id="oc-188">
         <name>.debug_info</name>
         <load_address>0x128f</load_address>
         <run_address>0x128f</run_address>
         <size>0x357</size>
         <input_file_ref idref="fl-6"/>
      </object_component>
      <object_component id="oc-16c">
         <name>.debug_info</name>
         <load_address>0x15e6</load_address>
         <run_address>0x15e6</run_address>
         <size>0x108</size>
         <input_file_ref idref="fl-6"/>
      </object_component>
      <object_component id="oc-df">
         <name>.debug_info</name>
         <load_address>0x16ee</load_address>
         <run_address>0x16ee</run_address>
         <size>0x826</size>
         <input_file_ref idref="fl-6"/>
      </object_component>
      <object_component id="oc-144">
         <name>.debug_info</name>
         <load_address>0x1f14</load_address>
         <run_address>0x1f14</run_address>
         <size>0x580</size>
         <input_file_ref idref="fl-7"/>
      </object_component>
      <object_component id="oc-b1">
         <name>.debug_info</name>
         <load_address>0x2494</load_address>
         <run_address>0x2494</run_address>
         <size>0x82e</size>
         <input_file_ref idref="fl-7"/>
      </object_component>
      <object_component id="oc-145">
         <name>.debug_info</name>
         <load_address>0x2cc2</load_address>
         <run_address>0x2cc2</run_address>
         <size>0x91</size>
         <input_file_ref idref="fl-7"/>
      </object_component>
      <object_component id="oc-194">
         <name>.debug_info</name>
         <load_address>0x2d53</load_address>
         <run_address>0x2d53</run_address>
         <size>0x382</size>
         <input_file_ref idref="fl-8"/>
      </object_component>
      <object_component id="oc-eb">
         <name>.debug_info</name>
         <load_address>0x30d5</load_address>
         <run_address>0x30d5</run_address>
         <size>0x628</size>
         <input_file_ref idref="fl-8"/>
      </object_component>
      <object_component id="oc-221">
         <name>.debug_info</name>
         <load_address>0x36fd</load_address>
         <run_address>0x36fd</run_address>
         <size>0xa5</size>
         <input_file_ref idref="fl-8"/>
      </object_component>
      <object_component id="oc-22e">
         <name>.debug_info</name>
         <load_address>0x37a2</load_address>
         <run_address>0x37a2</run_address>
         <size>0x2cf</size>
         <input_file_ref idref="fl-9"/>
      </object_component>
      <object_component id="oc-1a8">
         <name>.debug_info</name>
         <load_address>0x3a71</load_address>
         <run_address>0x3a71</run_address>
         <size>0x117</size>
         <input_file_ref idref="fl-9"/>
      </object_component>
      <object_component id="oc-f2">
         <name>.debug_info</name>
         <load_address>0x3b88</load_address>
         <run_address>0x3b88</run_address>
         <size>0x2b2</size>
         <input_file_ref idref="fl-9"/>
      </object_component>
      <object_component id="oc-36">
         <name>.debug_info</name>
         <load_address>0x3e3a</load_address>
         <run_address>0x3e3a</run_address>
         <size>0x27d</size>
         <input_file_ref idref="fl-a"/>
      </object_component>
      <object_component id="oc-10">
         <name>.debug_info</name>
         <load_address>0x40b7</load_address>
         <run_address>0x40b7</run_address>
         <size>0xce</size>
         <input_file_ref idref="fl-a"/>
      </object_component>
      <object_component id="oc-32">
         <name>.debug_info</name>
         <load_address>0x4185</load_address>
         <run_address>0x4185</run_address>
         <size>0x24a</size>
         <input_file_ref idref="fl-a"/>
      </object_component>
      <object_component id="oc-1b3">
         <name>.debug_info</name>
         <load_address>0x43cf</load_address>
         <run_address>0x43cf</run_address>
         <size>0x26e</size>
         <input_file_ref idref="fl-b"/>
      </object_component>
      <object_component id="oc-fd">
         <name>.debug_info</name>
         <load_address>0x463d</load_address>
         <run_address>0x463d</run_address>
         <size>0x26c</size>
         <input_file_ref idref="fl-b"/>
      </object_component>
      <object_component id="oc-27">
         <name>.debug_info</name>
         <load_address>0x48a9</load_address>
         <run_address>0x48a9</run_address>
         <size>0x160</size>
         <input_file_ref idref="fl-c6"/>
      </object_component>
      <object_component id="oc-8d">
         <name>.debug_info</name>
         <load_address>0x4a09</load_address>
         <run_address>0x4a09</run_address>
         <size>0x293</size>
         <input_file_ref idref="fl-c7"/>
      </object_component>
      <object_component id="oc-13">
         <name>.debug_info</name>
         <load_address>0x4c9c</load_address>
         <run_address>0x4c9c</run_address>
         <size>0x245</size>
         <input_file_ref idref="fl-c7"/>
      </object_component>
      <object_component id="oc-38">
         <name>.debug_info</name>
         <load_address>0x4ee1</load_address>
         <run_address>0x4ee1</run_address>
         <size>0x60</size>
         <input_file_ref idref="fl-c7"/>
      </object_component>
      <object_component id="oc-88">
         <name>.debug_info</name>
         <load_address>0x4f41</load_address>
         <run_address>0x4f41</run_address>
         <size>0x46</size>
         <input_file_ref idref="fl-c7"/>
      </object_component>
      <object_component id="oc-4d">
         <name>.debug_info</name>
         <load_address>0x4f87</load_address>
         <run_address>0x4f87</run_address>
         <size>0x2da</size>
         <input_file_ref idref="fl-c8"/>
      </object_component>
      <object_component id="oc-19">
         <name>.debug_info</name>
         <load_address>0x5261</load_address>
         <run_address>0x5261</run_address>
         <size>0x1df</size>
         <input_file_ref idref="fl-c8"/>
      </object_component>
      <object_component id="oc-48">
         <name>.debug_info</name>
         <load_address>0x5440</load_address>
         <run_address>0x5440</run_address>
         <size>0x46</size>
         <input_file_ref idref="fl-c8"/>
      </object_component>
      <object_component id="oc-8f">
         <name>.debug_info</name>
         <load_address>0x5486</load_address>
         <run_address>0x5486</run_address>
         <size>0x2c</size>
         <input_file_ref idref="fl-c8"/>
      </object_component>
      <object_component id="oc-59">
         <name>.debug_info</name>
         <load_address>0x54b2</load_address>
         <run_address>0x54b2</run_address>
         <size>0x2c9</size>
         <input_file_ref idref="fl-c9"/>
      </object_component>
      <object_component id="oc-1f">
         <name>.debug_info</name>
         <load_address>0x577b</load_address>
         <run_address>0x577b</run_address>
         <size>0x1aa</size>
         <input_file_ref idref="fl-c9"/>
      </object_component>
      <object_component id="oc-54">
         <name>.debug_info</name>
         <load_address>0x5925</load_address>
         <run_address>0x5925</run_address>
         <size>0x46</size>
         <input_file_ref idref="fl-c9"/>
      </object_component>
      <object_component id="oc-242">
         <name>.debug_info</name>
         <load_address>0x596b</load_address>
         <run_address>0x596b</run_address>
         <size>0x39b</size>
         <input_file_ref idref="fl-ca"/>
      </object_component>
      <object_component id="oc-239">
         <name>.debug_info</name>
         <load_address>0x5d06</load_address>
         <run_address>0x5d06</run_address>
         <size>0x11d</size>
         <input_file_ref idref="fl-ca"/>
      </object_component>
      <object_component id="oc-1ac">
         <name>.debug_info</name>
         <load_address>0x5e23</load_address>
         <run_address>0x5e23</run_address>
         <size>0xb75</size>
         <input_file_ref idref="fl-ca"/>
      </object_component>
      <object_component id="oc-1f9">
         <name>.debug_info</name>
         <load_address>0x6998</load_address>
         <run_address>0x6998</run_address>
         <size>0x39</size>
         <input_file_ref idref="fl-ca"/>
      </object_component>
      <object_component id="oc-2c2">
         <name>.debug_info</name>
         <load_address>0x69d1</load_address>
         <run_address>0x69d1</run_address>
         <size>0x2e3</size>
         <input_file_ref idref="fl-cb"/>
      </object_component>
      <object_component id="oc-232">
         <name>.debug_info</name>
         <load_address>0x6cb4</load_address>
         <run_address>0x6cb4</run_address>
         <size>0x240</size>
         <input_file_ref idref="fl-cb"/>
      </object_component>
      <object_component id="oc-236">
         <name>.debug_info</name>
         <load_address>0x6ef4</load_address>
         <run_address>0x6ef4</run_address>
         <size>0xf3</size>
         <input_file_ref idref="fl-cc"/>
      </object_component>
      <object_component id="oc-bd">
         <name>.debug_info</name>
         <load_address>0x6fe7</load_address>
         <run_address>0x6fe7</run_address>
         <size>0x3ce</size>
         <input_file_ref idref="fl-cd"/>
      </object_component>
      <object_component id="oc-b7">
         <name>.debug_info</name>
         <load_address>0x73b5</load_address>
         <run_address>0x73b5</run_address>
         <size>0x185</size>
         <input_file_ref idref="fl-cd"/>
      </object_component>
      <object_component id="oc-75">
         <name>.debug_info</name>
         <load_address>0x753a</load_address>
         <run_address>0x753a</run_address>
         <size>0x214</size>
         <input_file_ref idref="fl-cd"/>
      </object_component>
      <object_component id="oc-115">
         <name>.debug_info</name>
         <load_address>0x774e</load_address>
         <run_address>0x774e</run_address>
         <size>0x144</size>
         <input_file_ref idref="fl-ce"/>
      </object_component>
      <object_component id="oc-118">
         <name>.debug_info</name>
         <load_address>0x7892</load_address>
         <run_address>0x7892</run_address>
         <size>0x120</size>
         <input_file_ref idref="fl-cf"/>
      </object_component>
      <object_component id="oc-11f">
         <name>.debug_info</name>
         <load_address>0x79b2</load_address>
         <run_address>0x79b2</run_address>
         <size>0x122</size>
         <input_file_ref idref="fl-cf"/>
      </object_component>
      <object_component id="oc-104">
         <name>.debug_info</name>
         <load_address>0x7ad4</load_address>
         <run_address>0x7ad4</run_address>
         <size>0x132</size>
         <input_file_ref idref="fl-d0"/>
      </object_component>
      <object_component id="oc-135">
         <name>.debug_info</name>
         <load_address>0x7c06</load_address>
         <run_address>0x7c06</run_address>
         <size>0x132</size>
         <input_file_ref idref="fl-d1"/>
      </object_component>
      <object_component id="oc-109">
         <name>.debug_info</name>
         <load_address>0x7d38</load_address>
         <run_address>0x7d38</run_address>
         <size>0x126</size>
         <input_file_ref idref="fl-d2"/>
      </object_component>
      <object_component id="oc-122">
         <name>.debug_info</name>
         <load_address>0x7e5e</load_address>
         <run_address>0x7e5e</run_address>
         <size>0x124</size>
         <input_file_ref idref="fl-d3"/>
      </object_component>
      <object_component id="oc-43">
         <name>.debug_info</name>
         <load_address>0x7f82</load_address>
         <run_address>0x7f82</run_address>
         <size>0x111</size>
         <input_file_ref idref="fl-d4"/>
      </object_component>
      <object_component id="oc-4f">
         <name>.debug_info</name>
         <load_address>0x8093</load_address>
         <run_address>0x8093</run_address>
         <size>0x13f</size>
         <input_file_ref idref="fl-d5"/>
      </object_component>
      <object_component id="oc-5d">
         <name>.debug_info</name>
         <load_address>0x81d2</load_address>
         <run_address>0x81d2</run_address>
         <size>0x138</size>
         <input_file_ref idref="fl-d6"/>
      </object_component>
      <object_component id="oc-63">
         <name>.debug_info</name>
         <load_address>0x830a</load_address>
         <run_address>0x830a</run_address>
         <size>0x148</size>
         <input_file_ref idref="fl-d7"/>
      </object_component>
      <object_component id="oc-1ff">
         <name>.debug_info</name>
         <load_address>0x8452</load_address>
         <run_address>0x8452</run_address>
         <size>0x3a5</size>
         <input_file_ref idref="fl-d8"/>
      </object_component>
      <object_component id="oc-13e">
         <name>.debug_info</name>
         <load_address>0x87f7</load_address>
         <run_address>0x87f7</run_address>
         <size>0x790</size>
         <input_file_ref idref="fl-d8"/>
      </object_component>
      <object_component id="oc-2ce">
         <name>.debug_info</name>
         <load_address>0x8f87</load_address>
         <run_address>0x8f87</run_address>
         <size>0x316</size>
         <input_file_ref idref="fl-d9"/>
      </object_component>
      <object_component id="oc-23c">
         <name>.debug_info</name>
         <load_address>0x929d</load_address>
         <run_address>0x929d</run_address>
         <size>0x1d5</size>
         <input_file_ref idref="fl-d9"/>
      </object_component>
      <object_component id="oc-2a3">
         <name>.debug_info</name>
         <load_address>0x9472</load_address>
         <run_address>0x9472</run_address>
         <size>0x2c</size>
         <input_file_ref idref="fl-d9"/>
      </object_component>
      <object_component id="oc-1f8">
         <name>.debug_info</name>
         <load_address>0x949e</load_address>
         <run_address>0x949e</run_address>
         <size>0x3a5</size>
         <input_file_ref idref="fl-da"/>
      </object_component>
      <object_component id="oc-13b">
         <name>.debug_info</name>
         <load_address>0x9843</load_address>
         <run_address>0x9843</run_address>
         <size>0x78b</size>
         <input_file_ref idref="fl-da"/>
      </object_component>
      <object_component id="oc-1e3">
         <name>.debug_info</name>
         <load_address>0x9fce</load_address>
         <run_address>0x9fce</run_address>
         <size>0x355</size>
         <input_file_ref idref="fl-db"/>
      </object_component>
      <object_component id="oc-12e">
         <name>.debug_info</name>
         <load_address>0xa323</load_address>
         <run_address>0xa323</run_address>
         <size>0x2e4</size>
         <input_file_ref idref="fl-db"/>
      </object_component>
      <object_component id="oc-20c">
         <name>.debug_info</name>
         <load_address>0xa607</load_address>
         <run_address>0xa607</run_address>
         <size>0x2c</size>
         <input_file_ref idref="fl-db"/>
      </object_component>
      <object_component id="oc-79">
         <name>.debug_info</name>
         <load_address>0xa633</load_address>
         <run_address>0xa633</run_address>
         <size>0x109</size>
         <input_file_ref idref="fl-dc"/>
      </object_component>
      <object_component id="oc-217">
         <name>.debug_info</name>
         <load_address>0xa73c</load_address>
         <run_address>0xa73c</run_address>
         <size>0x27f</size>
         <input_file_ref idref="fl-dd"/>
      </object_component>
      <object_component id="oc-17a">
         <name>.debug_info</name>
         <load_address>0xa9bb</load_address>
         <run_address>0xa9bb</run_address>
         <size>0x258</size>
         <input_file_ref idref="fl-dd"/>
      </object_component>
      <object_component id="oc-219">
         <name>.debug_info</name>
         <load_address>0xac13</load_address>
         <run_address>0xac13</run_address>
         <size>0x28a</size>
         <input_file_ref idref="fl-de"/>
      </object_component>
      <object_component id="oc-182">
         <name>.debug_info</name>
         <load_address>0xae9d</load_address>
         <run_address>0xae9d</run_address>
         <size>0x231</size>
         <input_file_ref idref="fl-de"/>
      </object_component>
      <object_component id="oc-2d5">
         <name>.debug_info</name>
         <load_address>0xb0ce</load_address>
         <run_address>0xb0ce</run_address>
         <size>0x284</size>
         <input_file_ref idref="fl-df"/>
      </object_component>
      <object_component id="oc-264">
         <name>.debug_info</name>
         <load_address>0xb352</load_address>
         <run_address>0xb352</run_address>
         <size>0x22a</size>
         <input_file_ref idref="fl-df"/>
      </object_component>
      <object_component id="oc-1a4">
         <name>.debug_info</name>
         <load_address>0xb57c</load_address>
         <run_address>0xb57c</run_address>
         <size>0x126</size>
         <input_file_ref idref="fl-e0"/>
      </object_component>
      <object_component id="oc-1c6">
         <name>.debug_info</name>
         <load_address>0xb6a2</load_address>
         <run_address>0xb6a2</run_address>
         <size>0x3ae</size>
         <input_file_ref idref="fl-e1"/>
      </object_component>
      <object_component id="oc-1c3">
         <name>.debug_info</name>
         <load_address>0xba50</load_address>
         <run_address>0xba50</run_address>
         <size>0x109</size>
         <input_file_ref idref="fl-e1"/>
      </object_component>
      <object_component id="oc-110">
         <name>.debug_info</name>
         <load_address>0xbb59</load_address>
         <run_address>0xbb59</run_address>
         <size>0x552</size>
         <input_file_ref idref="fl-e1"/>
      </object_component>
      <object_component id="oc-259">
         <name>.debug_info</name>
         <load_address>0xc0ab</load_address>
         <run_address>0xc0ab</run_address>
         <size>0x2c</size>
         <input_file_ref idref="fl-e1"/>
      </object_component>
      <object_component id="oc-1c8">
         <name>.debug_info</name>
         <load_address>0xc0d7</load_address>
         <run_address>0xc0d7</run_address>
         <size>0x2c</size>
         <input_file_ref idref="fl-e1"/>
      </object_component>
      <object_component id="oc-254">
         <name>.debug_info</name>
         <load_address>0xc103</load_address>
         <run_address>0xc103</run_address>
         <size>0x2c</size>
         <input_file_ref idref="fl-e1"/>
      </object_component>
      <object_component id="oc-1cd">
         <name>.debug_info</name>
         <load_address>0xc12f</load_address>
         <run_address>0xc12f</run_address>
         <size>0x148</size>
         <input_file_ref idref="fl-e1"/>
      </object_component>
      <object_component id="oc-24b">
         <name>.debug_info</name>
         <load_address>0xc277</load_address>
         <run_address>0xc277</run_address>
         <size>0xc1</size>
         <input_file_ref idref="fl-e1"/>
      </object_component>
      <object_component id="oc-20b">
         <name>.debug_info</name>
         <load_address>0xc338</load_address>
         <run_address>0xc338</run_address>
         <size>0x362</size>
         <input_file_ref idref="fl-e2"/>
      </object_component>
      <object_component id="oc-173">
         <name>.debug_info</name>
         <load_address>0xc69a</load_address>
         <run_address>0xc69a</run_address>
         <size>0x35c</size>
         <input_file_ref idref="fl-e2"/>
      </object_component>
      <object_component id="oc-211">
         <name>.debug_info</name>
         <load_address>0xc9f6</load_address>
         <run_address>0xc9f6</run_address>
         <size>0x69</size>
         <input_file_ref idref="fl-e2"/>
      </object_component>
      <object_component id="oc-15b">
         <name>.debug_info</name>
         <load_address>0xca5f</load_address>
         <run_address>0xca5f</run_address>
         <size>0x2be</size>
         <input_file_ref idref="fl-e3"/>
      </object_component>
      <object_component id="oc-ba">
         <name>.debug_info</name>
         <load_address>0xcd1d</load_address>
         <run_address>0xcd1d</run_address>
         <size>0x113</size>
         <input_file_ref idref="fl-e3"/>
      </object_component>
      <object_component id="oc-156">
         <name>.debug_info</name>
         <load_address>0xce30</load_address>
         <run_address>0xce30</run_address>
         <size>0x21f</size>
         <input_file_ref idref="fl-e3"/>
      </object_component>
      <object_component id="oc-288">
         <name>.debug_info</name>
         <load_address>0xd04f</load_address>
         <run_address>0xd04f</run_address>
         <size>0x51f</size>
         <input_file_ref idref="fl-e4"/>
      </object_component>
      <object_component id="oc-1dd">
         <name>.debug_info</name>
         <load_address>0xd56e</load_address>
         <run_address>0xd56e</run_address>
         <size>0x1543</size>
         <input_file_ref idref="fl-e4"/>
      </object_component>
      <object_component id="oc-289">
         <name>.debug_info</name>
         <load_address>0xeab1</load_address>
         <run_address>0xeab1</run_address>
         <size>0x86</size>
         <input_file_ref idref="fl-e4"/>
      </object_component>
      <object_component id="oc-2e5">
         <name>.debug_info</name>
         <load_address>0xeb37</load_address>
         <run_address>0xeb37</run_address>
         <size>0x46</size>
         <input_file_ref idref="fl-e4"/>
      </object_component>
      <object_component id="oc-28e">
         <name>.debug_info</name>
         <load_address>0xeb7d</load_address>
         <run_address>0xeb7d</run_address>
         <size>0x39</size>
         <input_file_ref idref="fl-e4"/>
      </object_component>
      <object_component id="oc-b5">
         <name>.debug_info</name>
         <load_address>0xebb6</load_address>
         <run_address>0xebb6</run_address>
         <size>0x300</size>
         <input_file_ref idref="fl-e5"/>
      </object_component>
      <object_component id="oc-6f">
         <name>.debug_info</name>
         <load_address>0xeeb6</load_address>
         <run_address>0xeeb6</run_address>
         <size>0x167</size>
         <input_file_ref idref="fl-e5"/>
      </object_component>
      <object_component id="oc-14c">
         <name>.debug_info</name>
         <load_address>0xf01d</load_address>
         <run_address>0xf01d</run_address>
         <size>0x5e</size>
         <input_file_ref idref="fl-e5"/>
      </object_component>
      <object_component id="oc-2e0">
         <name>.debug_info</name>
         <load_address>0xf07b</load_address>
         <run_address>0xf07b</run_address>
         <size>0x2ae</size>
         <input_file_ref idref="fl-e6"/>
      </object_component>
      <object_component id="oc-27c">
         <name>.debug_info</name>
         <load_address>0xf329</load_address>
         <run_address>0xf329</run_address>
         <size>0x171</size>
         <input_file_ref idref="fl-e6"/>
      </object_component>
      <object_component id="oc-ad">
         <name>.debug_info</name>
         <load_address>0xf49a</load_address>
         <run_address>0xf49a</run_address>
         <size>0x483</size>
         <input_file_ref idref="fl-e7"/>
      </object_component>
      <object_component id="oc-67">
         <name>.debug_info</name>
         <load_address>0xf91d</load_address>
         <run_address>0xf91d</run_address>
         <size>0x190</size>
         <input_file_ref idref="fl-e7"/>
      </object_component>
      <object_component id="oc-d4">
         <name>.debug_info</name>
         <load_address>0xfaad</load_address>
         <run_address>0xfaad</run_address>
         <size>0x39</size>
         <input_file_ref idref="fl-e7"/>
      </object_component>
      <object_component id="oc-166">
         <name>.debug_info</name>
         <load_address>0xfae6</load_address>
         <run_address>0xfae6</run_address>
         <size>0x39</size>
         <input_file_ref idref="fl-e7"/>
      </object_component>
      <object_component id="oc-d9">
         <name>.debug_info</name>
         <load_address>0xfb1f</load_address>
         <run_address>0xfb1f</run_address>
         <size>0xcd</size>
         <input_file_ref idref="fl-e7"/>
      </object_component>
      <object_component id="oc-d0">
         <name>.debug_info</name>
         <load_address>0xfbec</load_address>
         <run_address>0xfbec</run_address>
         <size>0x37a</size>
         <input_file_ref idref="fl-e8"/>
      </object_component>
      <object_component id="oc-a1">
         <name>.debug_info</name>
         <load_address>0xff66</load_address>
         <run_address>0xff66</run_address>
         <size>0x183</size>
         <input_file_ref idref="fl-e8"/>
      </object_component>
      <object_component id="oc-161">
         <name>.debug_info</name>
         <load_address>0x100e9</load_address>
         <run_address>0x100e9</run_address>
         <size>0x2c</size>
         <input_file_ref idref="fl-e8"/>
      </object_component>
      <object_component id="oc-303">
         <name>.debug_info</name>
         <load_address>0x10115</load_address>
         <run_address>0x10115</run_address>
         <size>0xee</size>
         <input_file_ref idref="fl-e9"/>
      </object_component>
      <object_component id="oc-2dd">
         <name>.debug_info</name>
         <load_address>0x10203</load_address>
         <run_address>0x10203</run_address>
         <size>0xfa</size>
         <input_file_ref idref="fl-e9"/>
      </object_component>
      <object_component id="oc-1bd">
         <name>.debug_info</name>
         <load_address>0x102fd</load_address>
         <run_address>0x102fd</run_address>
         <size>0x163</size>
         <input_file_ref idref="fl-ea"/>
      </object_component>
      <object_component id="oc-2a9">
         <name>.debug_info</name>
         <load_address>0x10460</load_address>
         <run_address>0x10460</run_address>
         <size>0x278</size>
         <input_file_ref idref="fl-eb"/>
      </object_component>
      <object_component id="oc-1f2">
         <name>.debug_info</name>
         <load_address>0x106d8</load_address>
         <run_address>0x106d8</run_address>
         <size>0x31c</size>
         <input_file_ref idref="fl-eb"/>
      </object_component>
      <object_component id="oc-2a1">
         <name>.debug_info</name>
         <load_address>0x109f4</load_address>
         <run_address>0x109f4</run_address>
         <size>0x39a</size>
         <input_file_ref idref="fl-ec"/>
      </object_component>
      <object_component id="oc-29e">
         <name>.debug_info</name>
         <load_address>0x10d8e</load_address>
         <run_address>0x10d8e</run_address>
         <size>0x12f</size>
         <input_file_ref idref="fl-ec"/>
      </object_component>
      <object_component id="oc-1ec">
         <name>.debug_info</name>
         <load_address>0x10ebd</load_address>
         <run_address>0x10ebd</run_address>
         <size>0x724</size>
         <input_file_ref idref="fl-ec"/>
      </object_component>
      <object_component id="oc-296">
         <name>.debug_info</name>
         <load_address>0x115e1</load_address>
         <run_address>0x115e1</run_address>
         <size>0x27d</size>
         <input_file_ref idref="fl-ed"/>
      </object_component>
      <object_component id="oc-1e9">
         <name>.debug_info</name>
         <load_address>0x1185e</load_address>
         <run_address>0x1185e</run_address>
         <size>0x375</size>
         <input_file_ref idref="fl-ed"/>
      </object_component>
      <object_component id="oc-2d7">
         <name>.debug_info</name>
         <load_address>0x11bd3</load_address>
         <run_address>0x11bd3</run_address>
         <size>0x2e6</size>
         <input_file_ref idref="fl-ee"/>
      </object_component>
      <object_component id="oc-26a">
         <name>.debug_info</name>
         <load_address>0x11eb9</load_address>
         <run_address>0x11eb9</run_address>
         <size>0x1c2</size>
         <input_file_ref idref="fl-ee"/>
      </object_component>
      <object_component id="oc-2e2">
         <name>.debug_info</name>
         <load_address>0x1207b</load_address>
         <run_address>0x1207b</run_address>
         <size>0x28b</size>
         <input_file_ref idref="fl-ef"/>
      </object_component>
      <object_component id="oc-284">
         <name>.debug_info</name>
         <load_address>0x12306</load_address>
         <run_address>0x12306</run_address>
         <size>0x1ab</size>
         <input_file_ref idref="fl-ef"/>
      </object_component>
      <object_component id="oc-7e">
         <name>.debug_info</name>
         <load_address>0x124b1</load_address>
         <run_address>0x124b1</run_address>
         <size>0x3bc</size>
         <input_file_ref idref="fl-f0"/>
      </object_component>
      <object_component id="oc-2c">
         <name>.debug_info</name>
         <load_address>0x1286d</load_address>
         <run_address>0x1286d</run_address>
         <size>0x101</size>
         <input_file_ref idref="fl-f0"/>
      </object_component>
      <object_component id="oc-247">
         <name>.debug_info</name>
         <load_address>0x1296e</load_address>
         <run_address>0x1296e</run_address>
         <size>0x14c</size>
         <input_file_ref idref="fl-f0"/>
      </object_component>
      <object_component id="oc-1b9">
         <name>.debug_info</name>
         <load_address>0x12aba</load_address>
         <run_address>0x12aba</run_address>
         <size>0x885</size>
         <input_file_ref idref="fl-f0"/>
      </object_component>
      <object_component id="oc-c3">
         <name>.debug_info</name>
         <load_address>0x1333f</load_address>
         <run_address>0x1333f</run_address>
         <size>0x2c</size>
         <input_file_ref idref="fl-f0"/>
      </object_component>
      <object_component id="oc-c8">
         <name>.debug_info</name>
         <load_address>0x1336b</load_address>
         <run_address>0x1336b</run_address>
         <size>0x62</size>
         <input_file_ref idref="fl-f0"/>
      </object_component>
      <object_component id="oc-2c8">
         <name>.debug_info</name>
         <load_address>0x133cd</load_address>
         <run_address>0x133cd</run_address>
         <size>0x156</size>
         <input_file_ref idref="fl-f1"/>
      </object_component>
      <object_component id="oc-2ed">
         <name>.debug_info</name>
         <load_address>0x13523</load_address>
         <run_address>0x13523</run_address>
         <size>0x2ce</size>
         <input_file_ref idref="fl-f2"/>
      </object_component>
      <object_component id="oc-299">
         <name>.debug_info</name>
         <load_address>0x137f1</load_address>
         <run_address>0x137f1</run_address>
         <size>0x21f</size>
         <input_file_ref idref="fl-f2"/>
      </object_component>
      <object_component id="oc-2d9">
         <name>.debug_info</name>
         <load_address>0x13a10</load_address>
         <run_address>0x13a10</run_address>
         <size>0x2d9</size>
         <input_file_ref idref="fl-f3"/>
      </object_component>
      <object_component id="oc-270">
         <name>.debug_info</name>
         <load_address>0x13ce9</load_address>
         <run_address>0x13ce9</run_address>
         <size>0x18a</size>
         <input_file_ref idref="fl-f3"/>
      </object_component>
      <object_component id="oc-a8">
         <name>.debug_info</name>
         <load_address>0x13e73</load_address>
         <run_address>0x13e73</run_address>
         <size>0x145</size>
         <input_file_ref idref="fl-f4"/>
      </object_component>
      <object_component id="oc-2db">
         <name>.debug_info</name>
         <load_address>0x13fb8</load_address>
         <run_address>0x13fb8</run_address>
         <size>0x28f</size>
         <input_file_ref idref="fl-f5"/>
      </object_component>
      <object_component id="oc-276">
         <name>.debug_info</name>
         <load_address>0x14247</load_address>
         <run_address>0x14247</run_address>
         <size>0x244</size>
         <input_file_ref idref="fl-f5"/>
      </object_component>
      <object_component id="oc-260">
         <name>.debug_info</name>
         <load_address>0x1448b</load_address>
         <run_address>0x1448b</run_address>
         <size>0x17d</size>
         <input_file_ref idref="fl-f6"/>
      </object_component>
      <object_component id="oc-22a">
         <name>.debug_info</name>
         <load_address>0x14608</load_address>
         <run_address>0x14608</run_address>
         <size>0x20e</size>
         <input_file_ref idref="fl-f7"/>
      </object_component>
      <object_component id="oc-227">
         <name>.debug_info</name>
         <load_address>0x14816</load_address>
         <run_address>0x14816</run_address>
         <size>0x157</size>
         <input_file_ref idref="fl-f7"/>
      </object_component>
      <object_component id="oc-19e">
         <name>.debug_info</name>
         <load_address>0x1496d</load_address>
         <run_address>0x1496d</run_address>
         <size>0x2c1</size>
         <input_file_ref idref="fl-f7"/>
      </object_component>
      <object_component id="oc-2ba">
         <name>.debug_info</name>
         <load_address>0x14c2e</load_address>
         <run_address>0x14c2e</run_address>
         <size>0x8b</size>
         <input_file_ref idref="fl-f7"/>
      </object_component>
      <object_component id="oc-332">
         <name>.debug_info</name>
         <load_address>0x14cb9</load_address>
         <run_address>0x14cb9</run_address>
         <size>0x84</size>
      </object_component>
      <object_component id="oc-2b5">
         <name>.debug_line</name>
         <load_address>0x0</load_address>
         <run_address>0x0</run_address>
         <size>0x71</size>
         <input_file_ref idref="fl-2"/>
      </object_component>
      <object_component id="oc-fb">
         <name>.debug_line</name>
         <load_address>0x71</load_address>
         <run_address>0x71</run_address>
         <size>0xa0</size>
         <input_file_ref idref="fl-2"/>
      </object_component>
      <object_component id="oc-205">
         <name>.debug_line</name>
         <load_address>0x111</load_address>
         <run_address>0x111</run_address>
         <size>0x64</size>
         <input_file_ref idref="fl-2"/>
      </object_component>
      <object_component id="oc-40">
         <name>.debug_line</name>
         <load_address>0x175</load_address>
         <run_address>0x175</run_address>
         <size>0x20</size>
         <input_file_ref idref="fl-2"/>
      </object_component>
      <object_component id="oc-86">
         <name>.debug_line</name>
         <load_address>0x195</load_address>
         <run_address>0x195</run_address>
         <size>0x65</size>
         <input_file_ref idref="fl-2"/>
      </object_component>
      <object_component id="oc-18c">
         <name>.debug_line</name>
         <load_address>0x1fa</load_address>
         <run_address>0x1fa</run_address>
         <size>0x65</size>
         <input_file_ref idref="fl-2"/>
      </object_component>
      <object_component id="oc-12a">
         <name>.debug_line</name>
         <load_address>0x25f</load_address>
         <run_address>0x25f</run_address>
         <size>0x110</size>
         <input_file_ref idref="fl-3"/>
      </object_component>
      <object_component id="oc-1da">
         <name>.debug_line</name>
         <load_address>0x36f</load_address>
         <run_address>0x36f</run_address>
         <size>0x2e</size>
         <input_file_ref idref="fl-3"/>
      </object_component>
      <object_component id="oc-9a">
         <name>.debug_line</name>
         <load_address>0x39d</load_address>
         <run_address>0x39d</run_address>
         <size>0x65</size>
         <input_file_ref idref="fl-4"/>
      </object_component>
      <object_component id="oc-21e">
         <name>.debug_line</name>
         <load_address>0x402</load_address>
         <run_address>0x402</run_address>
         <size>0x2f</size>
         <input_file_ref idref="fl-5"/>
      </object_component>
      <object_component id="oc-e8">
         <name>.debug_line</name>
         <load_address>0x431</load_address>
         <run_address>0x431</run_address>
         <size>0x111</size>
         <input_file_ref idref="fl-5"/>
      </object_component>
      <object_component id="oc-21b">
         <name>.debug_line</name>
         <load_address>0x542</load_address>
         <run_address>0x542</run_address>
         <size>0xb7</size>
         <input_file_ref idref="fl-6"/>
      </object_component>
      <object_component id="oc-16f">
         <name>.debug_line</name>
         <load_address>0x5f9</load_address>
         <run_address>0x5f9</run_address>
         <size>0x45</size>
         <input_file_ref idref="fl-6"/>
      </object_component>
      <object_component id="oc-e2">
         <name>.debug_line</name>
         <load_address>0x63e</load_address>
         <run_address>0x63e</run_address>
         <size>0x192</size>
         <input_file_ref idref="fl-6"/>
      </object_component>
      <object_component id="oc-201">
         <name>.debug_line</name>
         <load_address>0x7d0</load_address>
         <run_address>0x7d0</run_address>
         <size>0x149</size>
         <input_file_ref idref="fl-7"/>
      </object_component>
      <object_component id="oc-b0">
         <name>.debug_line</name>
         <load_address>0x919</load_address>
         <run_address>0x919</run_address>
         <size>0x1c5</size>
         <input_file_ref idref="fl-7"/>
      </object_component>
      <object_component id="oc-148">
         <name>.debug_line</name>
         <load_address>0xade</load_address>
         <run_address>0xade</run_address>
         <size>0x2d</size>
         <input_file_ref idref="fl-7"/>
      </object_component>
      <object_component id="oc-220">
         <name>.debug_line</name>
         <load_address>0xb0b</load_address>
         <run_address>0xb0b</run_address>
         <size>0x2e</size>
         <input_file_ref idref="fl-8"/>
      </object_component>
      <object_component id="oc-ef">
         <name>.debug_line</name>
         <load_address>0xb39</load_address>
         <run_address>0xb39</run_address>
         <size>0x207</size>
         <input_file_ref idref="fl-8"/>
      </object_component>
      <object_component id="oc-224">
         <name>.debug_line</name>
         <load_address>0xd40</load_address>
         <run_address>0xd40</run_address>
         <size>0x2e</size>
         <input_file_ref idref="fl-8"/>
      </object_component>
      <object_component id="oc-2c0">
         <name>.debug_line</name>
         <load_address>0xd6e</load_address>
         <run_address>0xd6e</run_address>
         <size>0x69</size>
         <input_file_ref idref="fl-9"/>
      </object_component>
      <object_component id="oc-22d">
         <name>.debug_line</name>
         <load_address>0xdd7</load_address>
         <run_address>0xdd7</run_address>
         <size>0x2e</size>
         <input_file_ref idref="fl-9"/>
      </object_component>
      <object_component id="oc-f1">
         <name>.debug_line</name>
         <load_address>0xe05</load_address>
         <run_address>0xe05</run_address>
         <size>0xcf</size>
         <input_file_ref idref="fl-9"/>
      </object_component>
      <object_component id="oc-82">
         <name>.debug_line</name>
         <load_address>0xed4</load_address>
         <run_address>0xed4</run_address>
         <size>0x41</size>
         <input_file_ref idref="fl-a"/>
      </object_component>
      <object_component id="oc-35">
         <name>.debug_line</name>
         <load_address>0xf15</load_address>
         <run_address>0xf15</run_address>
         <size>0x41</size>
         <input_file_ref idref="fl-a"/>
      </object_component>
      <object_component id="oc-31">
         <name>.debug_line</name>
         <load_address>0xf56</load_address>
         <run_address>0xf56</run_address>
         <size>0xa1</size>
         <input_file_ref idref="fl-a"/>
      </object_component>
      <object_component id="oc-245">
[...]
         <object_component_ref idref="oc-16b"/>
      </symbol>
      <symbol id="sm-100">
         <name>lcd_printf</name>
         <value>0x40a7</value>
         <object_component_ref idref="oc-de"/>
      </symbol>
      <symbol id="sm-101">
         <name>lcd_setCursorPos</name>
         <value>0x4069</value>
         <object_component_ref idref="oc-de"/>
      </symbol>
      <symbol id="sm-102">
         <name>lcd_init</name>
         <value>0x3ea9</value>
         <object_component_ref idref="oc-de"/>
      </symbol>
      <symbol id="sm-103">
         <name>lcd_puts</name>
         <value>0x3fa1</value>
         <object_component_ref idref="oc-de"/>
      </symbol>
      <symbol id="sm-104">
         <name>lcd_putc</name>
         <value>0x3f69</value>
         <object_component_ref idref="oc-de"/>
      </symbol>
      <symbol id="sm-105">
         <name>lcd_gotoLine</name>
         <value>0x4041</value>
         <object_component_ref idref="oc-de"/>
      </symbol>
      <symbol id="sm-148">
         <name>main</name>
         <value>0x3031</value>
         <object_component_ref idref="oc-ae"/>
      </symbol>
      <symbol id="sm-149">
         <name>get_obstacle_diameter</name>
         <value>0x34d1</value>
         <object_component_ref idref="oc-ae"/>
      </symbol>
      <symbol id="sm-1b0">
         <name>data</name>
         <value>0x20004340</value>
      </symbol>
      <symbol id="sm-1b1">
         <name>servo_curr_time</name>
         <value>0x20004360</value>
      </symbol>
      <symbol id="sm-1b2">
         <name>servo_curr_angle</name>
         <value>0x20004358</value>
      </symbol>
      <symbol id="sm-1b3">
         <name>counter</name>
         <value>0x20004368</value>
      </symbol>
      <symbol id="sm-1b4">
         <name>direction</name>
         <value>0x2000436c</value>
      </symbol>
      <symbol id="sm-1b5">
         <name>offset</name>
         <value>0x20004270</value>
      </symbol>
      <symbol id="sm-1b6">
         <name>get_current_angle</name>
         <value>0x3a2d</value>
         <object_component_ref idref="oc-ea"/>
      </symbol>
      <symbol id="sm-1b7">
         <name>set_servo_angle_center</name>
         <value>0x3959</value>
         <object_component_ref idref="oc-ea"/>
      </symbol>
      <symbol id="sm-1b8">
         <name>servo_init</name>
         <value>0x37d9</value>
         <object_component_ref idref="oc-ea"/>
      </symbol>
      <symbol id="sm-1b9">
         <name>set_pulse</name>
         <value>0x397f</value>
         <object_component_ref idref="oc-ea"/>
      </symbol>
      <symbol id="sm-1ba">
         <name>set_servo_angle180</name>
         <value>0x3969</value>
         <object_component_ref idref="oc-ea"/>
      </symbol>
      <symbol id="sm-1bb">
         <name>calibrate</name>
         <value>0x35dd</value>
         <object_component_ref idref="oc-ea"/>
      </symbol>
      <symbol id="sm-1bc">
         <name>set_servo_angle</name>
         <value>0x3889</value>
         <object_component_ref idref="oc-ea"/>
      </symbol>
      <symbol id="sm-1bd">
         <name>set_servo_angle0</name>
         <value>0x393d</value>
         <object_component_ref idref="oc-ea"/>
      </symbol>
      <symbol id="sm-1be">
         <name>set_servo_offset_angle</name>
         <value>0x3905</value>
         <object_component_ref idref="oc-ea"/>
      </symbol>
      <symbol id="sm-1f7">
         <name>sonar_last_time</name>
         <value>0x2000438c</value>
         <object_component_ref idref="oc-1a7"/>
      </symbol>
      <symbol id="sm-1f8">
         <name>sonar_get_distance</name>
         <value>0x42e5</value>
         <object_component_ref idref="oc-f0"/>
      </symbol>
      <symbol id="sm-1f9">
         <name>sonar_init</name>
         <value>0x41db</value>
         <object_component_ref idref="oc-f0"/>
      </symbol>
      <symbol id="sm-1fa">
         <name>sonar_send_pulse</name>
         <value>0x428b</value>
         <object_component_ref idref="oc-f0"/>
      </symbol>
      <symbol id="sm-1fb">
         <name>update_flag</name>
         <value>0x20004394</value>
         <object_component_ref idref="oc-1a7"/>
      </symbol>
      <symbol id="sm-1fc">
         <name>sonar_curr_time</name>
         <value>0x20004390</value>
         <object_component_ref idref="oc-1a7"/>
      </symbol>
      <symbol id="sm-1fd">
         <name>TIMER3B_Handler</name>
         <value>0x4195</value>
         <object_component_ref idref="oc-f0"/>
      </symbol>
      <symbol id="sm-219">
         <name>ResetISR</name>
         <value>0x5eb3</value>
         <object_component_ref idref="oc-2e"/>
      </symbol>
      <symbol id="sm-21a">
         <name>g_pfnVectors</name>
         <value>0x0</value>
         <object_component_ref idref="oc-f"/>
      </symbol>
      <symbol id="sm-23e">
         <name>uart_sendChar</name>
         <value>0x52a5</value>
         <object_component_ref idref="oc-fc"/>
      </symbol>
      <symbol id="sm-23f">
         <name>uart_init</name>
         <value>0x521d</value>
         <object_component_ref idref="oc-fc"/>
      </symbol>
      <symbol id="sm-240">
         <name>uart_receive</name>
         <value>0x52c1</value>
         <object_component_ref idref="oc-fc"/>
      </symbol>
      <symbol id="sm-241">
         <name>uart_sendStr</name>
         <value>0x52f1</value>
         <object_component_ref idref="oc-fc"/>
      </symbol>
      <symbol id="sm-252">
         <name>_c_int00</name>
         <value>0x5b75</value>
         <object_component_ref idref="oc-24"/>
      </symbol>
      <symbol id="sm-253">
         <name>__stack</name>
         <value>0x2000026c</value>
         <object_component_ref idref="oc-2a"/>
      </symbol>
      <symbol id="sm-271">
         <name>__TI_decompress_lzss</name>
         <value>0x5a49</value>
         <object_component_ref idref="oc-12"/>
      </symbol>
      <symbol id="sm-288">
         <name>__TI_decompress_none</name>
         <value>0x5e99</value>
         <object_component_ref idref="oc-18"/>
      </symbol>
      <symbol id="sm-29a">
         <name>__TI_zero_init</name>
         <value>0x5ea7</value>
         <object_component_ref idref="oc-1e"/>
      </symbol>
      <symbol id="sm-32d">
         <name>pow</name>
         <value>0x13ad</value>
         <object_component_ref idref="oc-1ab"/>
      </symbol>
      <symbol id="sm-32e">
         <name>powl</name>
         <value>0x13ad</value>
         <object_component_ref idref="oc-1ab"/>
      </symbol>
      <symbol id="sm-352">
         <name>sqrtl</name>
         <value>0x4b45</value>
         <object_component_ref idref="oc-22f"/>
      </symbol>
      <symbol id="sm-353">
         <name>sqrt</name>
         <value>0x4b45</value>
         <object_component_ref idref="oc-22f"/>
      </symbol>
      <symbol id="sm-35b">
         <name>errno</name>
         <value>0x200043a0</value>
         <object_component_ref idref="oc-235"/>
      </symbol>
      <symbol id="sm-37c">
         <name>C$$EXIT</name>
         <value>0x5bc9</value>
         <object_component_ref idref="oc-72"/>
      </symbol>
      <symbol id="sm-37d">
         <name>abort</name>
         <value>0x5bcd</value>
         <object_component_ref idref="oc-72"/>
      </symbol>
      <symbol id="sm-37e">
         <name>exit</name>
         <value>0x5bd5</value>
         <object_component_ref idref="oc-72"/>
      </symbol>
      <symbol id="sm-37f">
         <name>__TI_dtors_ptr</name>
         <value>0x20004378</value>
         <object_component_ref idref="oc-b6"/>
      </symbol>
      <symbol id="sm-380">
         <name>__TI_cleanup_ptr</name>
         <value>0x20004374</value>
         <object_component_ref idref="oc-b6"/>
      </symbol>
      <symbol id="sm-381">
         <name>__TI_enable_exit_profile_output</name>
         <value>0x2000437c</value>
         <object_component_ref idref="oc-b6"/>
      </symbol>
      <symbol id="sm-398">
         <name>__aeabi_dsub</name>
         <value>0x4819</value>
         <object_component_ref idref="oc-112"/>
      </symbol>
      <symbol id="sm-399">
         <name>__aeabi_dadd</name>
         <value>0x4823</value>
         <object_component_ref idref="oc-112"/>
      </symbol>
      <symbol id="sm-3bb">
         <name>__aeabi_cdcmpeq</name>
         <value>0x5851</value>
         <object_component_ref idref="oc-117"/>
      </symbol>
      <symbol id="sm-3bc">
         <name>__aeabi_cdcmple</name>
         <value>0x5851</value>
         <object_component_ref idref="oc-117"/>
      </symbol>
      <symbol id="sm-3bd">
         <name>__aeabi_cdrcmple</name>
         <value>0x58d7</value>
         <object_component_ref idref="oc-11c"/>
      </symbol>
      <symbol id="sm-3d1">
         <name>__aeabi_ddiv</name>
         <value>0x50e5</value>
         <object_component_ref idref="oc-102"/>
      </symbol>
      <symbol id="sm-3dc">
         <name>__aeabi_dmul</name>
         <value>0x5345</value>
         <object_component_ref idref="oc-132"/>
      </symbol>
      <symbol id="sm-3e6">
         <name>__aeabi_d2iz</name>
         <value>0x5d09</value>
         <object_component_ref idref="oc-107"/>
      </symbol>
      <symbol id="sm-3f0">
         <name>__aeabi_i2d</name>
         <value>0x5d85</value>
         <object_component_ref idref="oc-121"/>
      </symbol>
      <symbol id="sm-40b">
         <name>memcpy</name>
         <value>0x572d</value>
         <object_component_ref idref="oc-42"/>
      </symbol>
      <symbol id="sm-40c">
         <name>__aeabi_memcpy</name>
         <value>0x572d</value>
         <object_component_ref idref="oc-42"/>
      </symbol>
      <symbol id="sm-40d">
         <name>__aeabi_memcpy8</name>
         <value>0x572d</value>
         <object_component_ref idref="oc-42"/>
      </symbol>
      <symbol id="sm-40e">
         <name>__aeabi_memcpy4</name>
         <value>0x572d</value>
         <object_component_ref idref="oc-42"/>
      </symbol>
      <symbol id="sm-41d">
         <name>__aeabi_memset</name>
         <value>0x595f</value>
         <object_component_ref idref="oc-4e"/>
      </symbol>
      <symbol id="sm-41e">
         <name>memset</name>
         <value>0x5965</value>
         <object_component_ref idref="oc-4e"/>
      </symbol>
      <symbol id="sm-41f">
         <name>__aeabi_memset8</name>
         <value>0x595f</value>
         <object_component_ref idref="oc-4e"/>
      </symbol>
      <symbol id="sm-420">
         <name>__aeabi_memset4</name>
         <value>0x595f</value>
         <object_component_ref idref="oc-4e"/>
      </symbol>
      <symbol id="sm-421">
         <name>__aeabi_memclr8</name>
         <value>0x595d</value>
         <object_component_ref idref="oc-4e"/>
      </symbol>
      <symbol id="sm-422">
         <name>__aeabi_memclr4</name>
         <value>0x595d</value>
         <object_component_ref idref="oc-4e"/>
      </symbol>
      <symbol id="sm-423">
         <name>__aeabi_memclr</name>
         <value>0x595d</value>
         <object_component_ref idref="oc-4e"/>
      </symbol>
      <symbol id="sm-42d">
         <name>__mpu_init</name>
         <value>0x13ab</value>
         <object_component_ref idref="oc-5a"/>
      </symbol>
      <symbol id="sm-437">
         <name>_system_pre_init</name>
         <value>0x5ec3</value>
         <object_component_ref idref="oc-60"/>
      </symbol>
      <symbol id="sm-488">
         <name>cosl</name>
         <value>0x2491</value>
         <object_component_ref idref="oc-13d"/>
      </symbol>
      <symbol id="sm-489">
         <name>cos</name>
         <value>0x2491</value>
         <object_component_ref idref="oc-13d"/>
      </symbol>
      <symbol id="sm-4ab">
         <name>scalbn</name>
         <value>0x5441</value>
         <object_component_ref idref="oc-23b"/>
      </symbol>
      <symbol id="sm-4ac">
         <name>scalbnl</name>
         <value>0x5441</value>
         <object_component_ref idref="oc-23b"/>
      </symbol>
      <symbol id="sm-4ad">
         <name>ldexpl</name>
         <value>0x5441</value>
         <object_component_ref idref="oc-23b"/>
      </symbol>
      <symbol id="sm-4ae">
         <name>ldexp</name>
         <value>0x5441</value>
         <object_component_ref idref="oc-23b"/>
      </symbol>
      <symbol id="sm-4fa">
         <name>sin</name>
         <value>0x2a6d</value>
         <object_component_ref idref="oc-137"/>
      </symbol>
      <symbol id="sm-4fb">
         <name>sinl</name>
         <value>0x2a6d</value>
         <object_component_ref idref="oc-137"/>
      </symbol>
      <symbol id="sm-514">
         <name>sprintf</name>
         <value>0x5b15</value>
         <object_component_ref idref="oc-12c"/>
      </symbol>
      <symbol id="sm-51c">
         <name>main_func_sp</name>
         <value>0x200043a4</value>
         <object_component_ref idref="oc-78"/>
      </symbol>
      <symbol id="sm-52b">
         <name>strcmp</name>
         <value>0x5e09</value>
         <object_component_ref idref="oc-178"/>
      </symbol>
      <symbol id="sm-539">
         <name>strcpy</name>
         <value>0x5e61</value>
         <object_component_ref idref="oc-17e"/>
      </symbol>
      <symbol id="sm-547">
         <name>strlen</name>
         <value>0x5e75</value>
         <object_component_ref idref="oc-263"/>
      </symbol>
      <symbol id="sm-551">
         <name>__aeabi_ui2d</name>
         <value>0x5db3</value>
         <object_component_ref idref="oc-1a2"/>
      </symbol>
      <symbol id="sm-5a5">
         <name>__vla_dealloc</name>
         <value>0x43e1</value>
         <object_component_ref idref="oc-10c"/>
      </symbol>
      <symbol id="sm-5a6">
         <name>__vla_dealloc_eh</name>
         <value>0x4453</value>
         <object_component_ref idref="oc-10c"/>
      </symbol>
      <symbol id="sm-5a7">
         <name>__vla_alloc</name>
         <value>0x44d3</value>
         <object_component_ref idref="oc-10c"/>
      </symbol>
      <symbol id="sm-5c3">
         <name>vsnprintf</name>
         <value>0x57c9</value>
         <object_component_ref idref="oc-172"/>
      </symbol>
      <symbol id="sm-5dc">
         <name>_nop</name>
         <value>0x5e47</value>
         <object_component_ref idref="oc-153"/>
      </symbol>
      <symbol id="sm-5dd">
         <name>_lock</name>
         <value>0x20004398</value>
         <object_component_ref idref="oc-b9"/>
      </symbol>
      <symbol id="sm-5de">
         <name>_unlock</name>
         <value>0x2000439c</value>
         <object_component_ref idref="oc-b9"/>
      </symbol>
      <symbol id="sm-5df">
         <name>_register_lock</name>
         <value>0x5e3f</value>
         <object_component_ref idref="oc-153"/>
      </symbol>
      <symbol id="sm-5e0">
         <name>_register_unlock</name>
         <value>0x5e39</value>
         <object_component_ref idref="oc-153"/>
      </symbol>
      <symbol id="sm-6e1">
         <name>__TI_printfi</name>
         <value>0xab1</value>
         <object_component_ref idref="oc-1dc"/>
      </symbol>
      <symbol id="sm-6f5">
         <name>_args_main</name>
         <value>0x5df1</value>
         <object_component_ref idref="oc-6c"/>
      </symbol>
      <symbol id="sm-70b">
         <name>atoi</name>
         <value>0x5c71</value>
         <object_component_ref idref="oc-27b"/>
      </symbol>
      <symbol id="sm-735">
         <name>__TI_auto_init</name>
         <value>0x59d9</value>
         <object_component_ref idref="oc-66"/>
      </symbol>
      <symbol id="sm-74f">
         <name>copy_in</name>
         <value>0x5cbd</value>
         <object_component_ref idref="oc-a0"/>
      </symbol>
      <symbol id="sm-75a">
         <name>_ctypes_</name>
         <value>0x6020</value>
         <object_component_ref idref="oc-2dc"/>
      </symbol>
      <symbol id="sm-764">
         <name>__abort_execution</name>
         <value>0x5ebf</value>
         <object_component_ref idref="oc-1bc"/>
      </symbol>
      <symbol id="sm-77a">
         <name>__kernel_cos</name>
         <value>0x4e21</value>
         <object_component_ref idref="oc-1f1"/>
      </symbol>
      <symbol id="sm-7e1">
         <name>__kernel_rem_pio2</name>
         <value>0x1d59</value>
         <object_component_ref idref="oc-1eb"/>
      </symbol>
      <symbol id="sm-7f8">
         <name>__kernel_sin</name>
         <value>0x49d1</value>
         <object_component_ref idref="oc-1e5"/>
      </symbol>
      <symbol id="sm-807">
         <name>ltoa</name>
         <value>0x5c1d</value>
         <object_component_ref idref="oc-269"/>
      </symbol>
      <symbol id="sm-817">
         <name>memccpy</name>
         <value>0x5dd3</value>
         <object_component_ref idref="oc-281"/>
      </symbol>
      <symbol id="sm-88e">
         <name>_sys_memory</name>
         <value>0x20002270</value>
         <object_component_ref idref="oc-2b"/>
      </symbol>
      <symbol id="sm-88f">
         <name>free</name>
         <value>0x3bc3</value>
         <object_component_ref idref="oc-1b6"/>
      </symbol>
      <symbol id="sm-890">
         <name>realloc</name>
         <value>0x3c83</value>
         <object_component_ref idref="oc-1b6"/>
      </symbol>
      <symbol id="sm-891">
         <name>memalign</name>
         <value>0x3d8d</value>
         <object_component_ref idref="oc-1b6"/>
      </symbol>
      <symbol id="sm-892">
         <name>calloc</name>
         <value>0x3e79</value>
         <object_component_ref idref="oc-1b6"/>
      </symbol>
      <symbol id="sm-893">
         <name>malloc</name>
         <value>0x3b59</value>
         <object_component_ref idref="oc-1b6"/>
      </symbol>
      <symbol id="sm-894">
         <name>minit</name>
         <value>0x3ad9</value>
         <object_component_ref idref="oc-1b6"/>
      </symbol>
      <symbol id="sm-89e">
         <name>copysign</name>
         <value>0x5e4d</value>
         <object_component_ref idref="oc-2c7"/>
      </symbol>
      <symbol id="sm-89f">
         <name>copysignl</name>
         <value>0x5e4d</value>
         <object_component_ref idref="oc-2c7"/>
      </symbol>
      <symbol id="sm-8bc">
         <name>floorl</name>
         <value>0x5635</value>
         <object_component_ref idref="oc-297"/>
      </symbol>
      <symbol id="sm-8bd">
         <name>floor</name>
         <value>0x5635</value>
         <object_component_ref idref="oc-297"/>
      </symbol>
      <symbol id="sm-8d3">
         <name>frexpl</name>
         <value>0x5ab1</value>
         <object_component_ref idref="oc-26f"/>
      </symbol>
      <symbol id="sm-8d4">
         <name>frexp</name>
         <value>0x5ab1</value>
         <object_component_ref idref="oc-26f"/>
      </symbol>
      <symbol id="sm-8de">
         <name>_system_post_cinit</name>
         <value>0x49cf</value>
         <object_component_ref idref="oc-a6"/>
      </symbol>
      <symbol id="sm-8ee">
         <name>strchr</name>
         <value>0x5e21</value>
         <object_component_ref idref="oc-275"/>
      </symbol>
      <symbol id="sm-90a">
         <name>__aeabi_uldivmod</name>
         <value>0x4625</value>
         <object_component_ref idref="oc-25e"/>
      </symbol>
      <symbol id="sm-926">
         <name>IntRegister</name>
         <value>0x5d51</value>
         <object_component_ref idref="oc-19c"/>
      </symbol>
      <symbol id="sm-927">
         <name>g_pfnRAMVectors</name>
         <value>0x20000000</value>
         <object_component_ref idref="oc-226"/>
      </symbol>
      <symbol id="sm-929">
         <name>__TI_static_base__</name>
         <value>0x0</value>
      </symbol>
      <symbol id="sm-92c">
         <name>SHT$$INIT_ARRAY$$Limit</name>
         <value>0x0</value>
      </symbol>
      <symbol id="sm-92d">
         <name>SHT$$INIT_ARRAY$$Base</name>
         <value>0x0</value>
      </symbol>
   </symbol_table>
   <title>Link successful</title>
</link_info>
